------------------------------------------------------------
Timing Analyzer Summary
------------------------------------------------------------

Type  : Slow 1200mV 85C Model Setup 'reset'
Slack : -5.202
TNS   : -52.454

Type  : Slow 1200mV 85C Model Setup 'clk'
Slack : -5.181
TNS   : -957.743

Type  : Slow 1200mV 85C Model Hold 'clk'
Slack : 0.081
TNS   : 0.000

Type  : Slow 1200mV 85C Model Hold 'reset'
Slack : 2.630
TNS   : 0.000

Type  : Slow 1200mV 85C Model Recovery 'clk'
Slack : -2.137
TNS   : -652.913

Type  : Slow 1200mV 85C Model Removal 'clk'
Slack : 1.533
TNS   : 0.000

Type  : Slow 1200mV 85C Model Minimum Pulse Width 'clk'
Slack : -3.000
TNS   : -683.636

Type  : Slow 1200mV 85C Model Minimum Pulse Width 'reset'
Slack : -3.000
TNS   : -3.000

Type  : Slow 1200mV 0C Model Setup 'clk'
Slack : -4.734
TNS   : -845.302

Type  : Slow 1200mV 0C Model Setup 'reset'
Slack : -4.707
TNS   : -47.510

Type  : Slow 1200mV 0C Model Hold 'clk'
Slack : 0.141
TNS   : 0.000

Type  : Slow 1200mV 0C Model Hold 'reset'
Slack : 2.442
TNS   : 0.000

Type  : Slow 1200mV 0C Model Recovery 'clk'
Slack : -1.884
TNS   : -574.388

Type  : Slow 1200mV 0C Model Removal 'clk'
Slack : 1.529
TNS   : 0.000

Type  : Slow 1200mV 0C Model Minimum Pulse Width 'clk'
Slack : -3.000
TNS   : -683.482

Type  : Slow 1200mV 0C Model Minimum Pulse Width 'reset'
Slack : -3.000
TNS   : -3.000

Type  : Fast 1200mV 0C Model Setup 'reset'
Slack : -1.752
TNS   : -16.681

Type  : Fast 1200mV 0C Model Setup 'clk'
Slack : -1.645
TNS   : -186.945

Type  : Fast 1200mV 0C Model Hold 'clk'
Slack : 0.144
TNS   : 0.000

Type  : Fast 1200mV 0C Model Hold 'reset'
Slack : 1.203
TNS   : 0.000

Type  : Fast 1200mV 0C Model Recovery 'clk'
Slack : -1.040
TNS   : -315.644

Type  : Fast 1200mV 0C Model Removal 'clk'
Slack : 0.479
TNS   : 0.000

Type  : Fast 1200mV 0C Model Minimum Pulse Width 'clk'
Slack : -3.000
TNS   : -558.840

Type  : Fast 1200mV 0C Model Minimum Pulse Width 'reset'
Slack : -3.000
TNS   : -3.000

------------------------------------------------------------
